---
source: src/zoho/items.rs
expression: items.len()
---
694

